---
:file_name: Canon.jpg
:file_size: 2.6 kB
:file_type: JPEG
:mime_type: image/jpeg
:exif_byte_order: Little-endian (Intel, II)
:make: Canon
:model: Canon EOS DIGITAL REBEL
:orientation: Horizontal (normal)
:x_resolution: 180
:y_resolution: 180
:resolution_unit: inches
:y_cb_cr_positioning: Centered
:exposure_time: 4
:f_number: 14.0
:iso: 100
:exif_version: '0221'
:components_configuration: Y, Cb, Cr, -
:compressed_bits_per_pixel: 9
:shutter_speed_value: 0
:aperture_value: 14.0
:max_aperture_value: 4.5
:flash: No Flash
:focal_length: 34.0 mm
:macro_mode: Unknown (0)
:self_timer: 'Off'
:quality: RAW
:canon_flash_mode: 'Off'
:continuous_drive: Continuous
:focus_mode: Manual Focus (3)
:record_mode: CRW+THM
:canon_image_size: Large
:easy_mode: Manual
:digital_zoom: Unknown (-1)
:contrast: '+1'
:saturation: '+1'
:sharpness: '+1'
:camera_iso: n/a
:metering_mode: Center-weighted average
:focus_range: Not Known
:canon_exposure_mode: Manual
:lens_type: Unknown (-1)
:max_focal_length: 55 mm
:min_focal_length: 18 mm
:focal_units: 1/mm
:max_aperture: 4
:min_aperture: 27
:flash_activity: 0
:flash_bits: (none)
:zoom_source_width: 3072
:zoom_target_width: 3072
:manual_flash_output: n/a
:color_tone: Normal
:focal_plane_x_size: 23.22 mm
:focal_plane_y_size: 15.49 mm
:auto_iso: 100
:base_iso: 100
:measured_ev: -1.25
:target_aperture: 14
:exposure_compensation: 0
:white_balance: Auto
:slow_shutter: None
:sequence_number: 0
:optical_zoom_code: n/a
:flash_guide_number: 0
:flash_exposure_comp: 0
:auto_exposure_bracketing: 'Off'
:aeb_bracket_value: 0
:control_mode: Camera Local Control
:focus_distance_upper: inf
:focus_distance_lower: 5.46 m
:measured_ev2: -1.25
:bulb_duration: 4
:camera_type: EOS Mid-range
:auto_rotate: None
:self_timer2: 0
:bracket_mode: 'Off'
:bracket_value: 0
:bracket_shot_number: 0
:canon_image_type: CRW:EOS DIGITAL REBEL CMOS RAW
:canon_firmware_version: Firmware Version 1.1.1
:serial_number: 0560018150
:serial_number_format: Format 1
:file_number: 118-1861
:owner_name: Phil Harvey
:canon_model_id: EOS Digital Rebel / 300D / Kiss Digital
:canon_file_length: 4480822
:measured_rggb: 998 1022 1026 808
:wb_rggb_levels_auto: 1719 832 831 990
:wb_rggb_levels_daylight: 1722 832 831 989
:wb_rggb_levels_shade: 2035 832 831 839
:wb_rggb_levels_cloudy: 1878 832 831 903
:wb_rggb_levels_tungsten: 1228 913 912 1668
:wb_rggb_levels_fluorescent: 1506 842 841 1381
:wb_rggb_levels_flash: 1933 832 831 895
:wb_rggb_levels_custom: 1722 832 831 989
:wb_rggb_levels_kelvin: 1722 832 831 988
:color_temperature: 5200
:num_af_points: 7
:valid_af_points: 7
:canon_image_width: 3072
:canon_image_height: 2048
:af_image_width: 3072
:af_image_height: 2048
:af_area_width: 151
:af_area_height: 151
:af_area_x_positions: 1014 608 0 0 0 -608 -1014
:af_area_y_positions: 0 0 -506 0 506 0 0
:af_points_in_focus: (none)
:thumbnail_image_valid_area: 0 159 7 112
:user_comment: ''
:flashpix_version: '0100'
:color_space: sRGB
:exif_image_width: 160
:exif_image_height: 120
:interop_index: THM - DCF thumbnail file
:interop_version: '0100'
:related_image_width: 3072
:related_image_height: 2048
:focal_plane_x_resolution: 3443.946188
:focal_plane_y_resolution: 3442.016807
:focal_plane_resolution_unit: inches
:sensing_method: One-chip color area
:file_source: Digital Camera
:custom_rendered: Normal
:exposure_mode: Manual
:scene_capture_type: Standard
:image_width: 8
:image_height: 8
:encoding_process: Baseline DCT, Huffman coding
:bits_per_sample: 8
:color_components: 3
:y_cb_cr_sub_sampling: YCbCr4:2:0 (2 2)
:aperture: 14.0
:drive_mode: Continuous Shooting
:image_size: 8x8
:lens: 18.0 - 55.0 mm
:lens_id: Unknown 18-55mm
:shooting_mode: Bulb
:shutter_speed: 4
:wb_rggb_levels: 1719 832 831 990
:blue_balance: 1.190619
:light_value: 5.6
:red_balance: 2.067348
