:exif_tool_version              : 11.75
:file_name                      : LICENSE.txt
:directory                      : .
:file_size                      : 1073 bytes
:file_modify_date               : 2019:05:08 23:39:07-07:00
:file_access_date               : 2019:11:04 09:49:25-08:00
:file_inode_change_date         : 2019:10:21 10:07:10-07:00
:file_type                      : TXT
:file_type_extension            : txt
:mime_type                      : text/plain
:mime_encoding                  : us-ascii
:newlines                       : Unix LF
:line_count                     : 22
:word_count                     : 169                    