---
:file_name: Panasonic.jpg
:file_size: 6.9 kB
:file_type: JPEG
:file_type_extension: jpg
:mime_type: image/jpeg
:exif_byte_order: Little-endian (Intel, II)
:make: Panasonic
:model: DMC-FZ3
:orientation: Horizontal (normal)
:x_resolution: 72
:y_resolution: 72
:resolution_unit: inches
:modify_date: 2004:08:28 15:55:46
:modify_date_civil: 2004-08-28
:y_cb_cr_positioning: Co-sited
:exposure_time: !ruby/object:Rational
  denominator: 400
  numerator: 1
:f_number: 4.0
:exposure_program: Program AE
:iso: 80
:exif_version: '0220'
:date_time_original: 2004:08:28 15:55:46
:date_time_original_civil: 2004-08-28
:create_date: 2004:08:28 15:55:46
:create_date_civil: 2004-08-28
:components_configuration: Y, Cb, Cr, -
:compressed_bits_per_pixel: 4
:exposure_compensation: 0
:max_aperture_value: 2.8
:metering_mode: Multi-segment
:light_source: Unknown
:flash: Off, Did not fire
:focal_length: 4.6 mm
:image_quality: High
:firmware_version: 0.1.0.8
:white_balance: Auto
:focus_mode: Auto
:af_area_mode: 9-area
:image_stabilization: On, Mode 2
:macro_mode: 'Off'
:shooting_mode: Program
:audio: 'No'
:data_dump: "(Binary data 5428 bytes, use -b option to extract)"
:white_balance_bias: 0
:flash_bias: 0
:internal_serial_number: "(S00) 2004:07:19 no. 0102"
:panasonic_exif_version: '0100'
:color_effect: 'Off'
:time_since_power_on: '00:00:06.96'
:burst_mode: 'Off'
:sequence_number: 0
:contrast_mode: Normal
:noise_reduction: Standard
:self_timer: 'Off'
:flashpix_version: '0100'
:color_space: sRGB
:exif_image_width: 2016
:exif_image_height: 1512
:interop_index: R98 - DCF basic file (sRGB)
:interop_version: '0100'
:sensing_method: One-chip color area
:file_source: Digital Camera
:scene_type: Directly photographed
:custom_rendered: Normal
:exposure_mode: Auto
:digital_zoom_ratio: 0
:focal_length_in35mm_format: 35 mm
:scene_capture_type: Standard
:gain_control: None
:contrast: Normal
:saturation: Normal
:sharpness: Normal
:print_im_version: '0250'
:compression: JPEG (old-style)
:thumbnail_offset: 6822
:thumbnail_length: 28
:image_width: 8
:image_height: 8
:encoding_process: Baseline DCT, Huffman coding
:bits_per_sample: 8
:color_components: 3
:y_cb_cr_sub_sampling: YCbCr4:2:0 (2 2)
:aperture: 4.0
:image_size: 8x8
:megapixels: 6.4e-05
:shutter_speed: !ruby/object:Rational
  denominator: 400
  numerator: 1
:light_value: 13.0
:fov: 54.4 deg
:hyperfocal_distance: 1.34 m
